// Jest Snapshot v1, https://goo.gl/fbAQLP

exports[`should print manifests 1`] = `
"---
apiVersion: apps/v1
kind: Deployment
metadata:
  name: nginx
spec:
  replicas: 1
  selector:
    matchLabels:
      app: nginx
  template:
    metadata:
      labels:
        app: nginx
    spec:
      containers:
        - image: gcr.io/image-dev/nginx:latest
          name: nginx
          ports:
            - containerPort: 80
---
apiVersion: v1
kind: Service
metadata:
  name: nginx
spec:
  selector:
    app: nginx
  type: ClusterIP
  ports:
    - port: 80
      targetPort: 80
"
`;
